[2026-08-01 07:00:02] [INFO] ===== Dispatcher run started  =====
[2026-08-01 07:00:02] [INFO] PM-Invoke-CoordinatorReports: running - scheduled today.
[2026-08-01 07:00:33] [SUCCESS] PM-Invoke-CoordinatorReports: completed successfully.
[2026-08-01 07:00:33] [INFO] SD-Invoke-CoordinatorReports: running - scheduled today.
[2026-08-01 07:00:33] [INFO] Waiting 30 second(s) before SD-Invoke-CoordinatorReports...
[2026-08-01 07:01:30] [SUCCESS] SD-Invoke-CoordinatorReports: completed successfully.
[2026-08-01 07:01:30] [INFO] Remove-OldLogs: running - scheduled today.
[2026-08-01 07:01:30] [INFO] Waiting 30 second(s) before Remove-OldLogs...
[2026-08-01 07:02:00] [SUCCESS] Remove-OldLogs: completed successfully.
[2026-08-01 07:02:01] [INFO] ===== Dispatcher run finished =====
[2026-08-02 07:00:02] [INFO] ===== Dispatcher run started  =====
[2026-08-02 07:00:02] [INFO] PM-Invoke-CoordinatorReports: running - scheduled today.
[2026-08-02 07:00:37] [SUCCESS] PM-Invoke-CoordinatorReports: completed successfully.
[2026-08-02 07:00:37] [INFO] SD-Invoke-CoordinatorReports: running - scheduled today.
[2026-08-02 07:00:37] [INFO] Waiting 30 second(s) before SD-Invoke-CoordinatorReports...
[2026-08-02 07:01:35] [SUCCESS] SD-Invoke-CoordinatorReports: completed successfully.
[2026-08-02 07:01:35] [SKIP] Remove-OldLogs: not due. Last run: 2026-08-01T07:00:02.1321011-04:00
[2026-08-02 07:01:35] [INFO] ===== Dispatcher run finished =====
[2026-08-03 07:00:04] [INFO] ===== Dispatcher run started  =====
[2026-08-03 07:00:04] [INFO] PM-Invoke-CoordinatorReports: running - scheduled today.
[2026-08-03 07:00:36] [SUCCESS] PM-Invoke-CoordinatorReports: completed successfully.
[2026-08-03 07:00:36] [INFO] SD-Invoke-CoordinatorReports: running - scheduled today.
[2026-08-03 07:00:36] [INFO] Waiting 30 second(s) before SD-Invoke-CoordinatorReports...
[2026-08-03 07:01:37] [SUCCESS] SD-Invoke-CoordinatorReports: completed successfully.
[2026-08-03 07:01:37] [SKIP] Remove-OldLogs: not due. Last run: 2026-08-01T07:00:02.1321011-04:00
[2026-08-03 07:01:37] [INFO] ===== Dispatcher run finished =====
