[2026-08-19 13:13:30] [INFO] === Starting Asphalt admin-group audit run ===
[2026-08-19 13:13:33] [INFO] Collected Entra role assignments/users/licenses
[2026-08-19 13:13:33] [INFO] Generated the admin-group audit
[2026-08-19 13:13:36] [INFO] Emailed reports to bwinklesky@servit.net
[2026-08-19 13:13:36] [INFO] === Run completed successfully ===
[2026-08-19 13:21:26] [INFO] === Starting Asphalt temp-groups audit run ===
[2026-08-19 13:21:27] [INFO] Collected Entra groups
[2026-08-19 13:21:27] [INFO] Generated the temp-groups audit
[2026-08-19 13:21:31] [INFO] Emailed reports to bwinklesky@servit.net
[2026-08-19 13:21:31] [INFO] === Run completed successfully ===
[2026-08-19 13:21:36] [INFO] === Starting Asphalt CA group member audit run ===
[2026-08-19 13:21:36] [INFO] Collected Entra CA exclusion group membership
[2026-08-19 13:21:36] [INFO] Generated the CA group member audit
[2026-08-19 13:21:38] [INFO] Emailed reports to bwinklesky@servit.net
[2026-08-19 13:21:38] [INFO] === Run completed successfully ===
[2026-08-19 13:21:42] [INFO] === Starting Asphalt license detail audit run ===
[2026-08-19 13:21:43] [INFO] Collected Entra license catalog/assignments
[2026-08-19 13:21:43] [INFO] Generated the license detail audit
[2026-08-19 13:21:45] [INFO] Emailed reports to bwinklesky@servit.net
[2026-08-19 13:21:45] [INFO] === Run completed successfully ===
[2026-08-19 13:21:49] [INFO] === Starting Asphalt license summary audit run ===
[2026-08-19 13:21:50] [INFO] Collected Entra license catalog/assignments
[2026-08-19 13:21:50] [INFO] Generated the license summary audit
[2026-08-19 13:21:52] [INFO] Emailed reports to bwinklesky@servit.net
[2026-08-19 13:21:52] [INFO] === Run completed successfully ===
[2026-08-19 13:22:07] [INFO] === Starting Asphalt licensed shared mailbox audit run ===
[2026-08-19 13:22:09] [INFO] Collected Entra users
[2026-08-19 13:22:09] [INFO] Collected Entra license catalog/assignments
[2026-08-19 13:22:09] [INFO] Identified 14 licensed candidate(s)
[2026-08-19 13:22:11] [INFO] Collected Entra mailbox purpose (scoped to candidates)
[2026-08-19 13:22:12] [INFO] Collected Entra mailbox usage report
[2026-08-19 13:22:12] [INFO] Generated the licensed shared mailbox audit
[2026-08-19 13:22:14] [INFO] Emailed reports to bwinklesky@servit.net
[2026-08-19 13:22:14] [INFO] === Run completed successfully ===
[2026-08-19 13:22:18] [INFO] === Starting Asphalt mailbox size audit run ===
[2026-08-19 13:22:19] [INFO] Collected Entra license catalog/assignments
[2026-08-19 13:22:20] [INFO] Collected Entra mailbox usage report
[2026-08-19 13:22:20] [INFO] Generated the mailbox size audit
[2026-08-19 13:22:22] [INFO] Emailed reports to bwinklesky@servit.net
[2026-08-19 13:22:22] [INFO] === Run completed successfully ===
[2026-08-19 13:22:31] [INFO] === Starting Asphalt OneDrive activity audit run ===
[2026-08-19 13:22:31] [INFO] Collected OneDrive activity report
[2026-08-19 13:22:31] [INFO] Generated the OneDrive activity audit
[2026-08-19 13:22:34] [INFO] Emailed reports to bwinklesky@servit.net
[2026-08-19 13:22:34] [INFO] === Run completed successfully ===
[2026-08-19 13:22:46] [INFO] === Starting Asphalt SharePoint disable audit run ===
[2026-08-19 13:22:48] [INFO] Collected SharePoint activity report
[2026-08-19 13:22:48] [INFO] Generated the SharePoint disable audit
[2026-08-19 13:22:50] [INFO] Emailed reports to bwinklesky@servit.net
[2026-08-19 13:22:50] [INFO] === Run completed successfully ===
[2026-08-19 13:22:53] [INFO] === Starting Asphalt Teams activity audit run ===
[2026-08-19 13:22:54] [INFO] Collected Entra groups
[2026-08-19 13:22:54] [INFO] Collected Teams activity report
[2026-08-19 13:22:54] [INFO] Generated the Teams activity audit
[2026-08-19 13:23:00] [INFO] Emailed reports to bwinklesky@servit.net
[2026-08-19 13:23:00] [INFO] === Run completed successfully ===
[2026-08-19 13:23:03] [INFO] === Starting Asphalt Teams disable audit run ===
[2026-08-19 13:23:04] [INFO] Collected Entra groups
[2026-08-19 13:23:04] [INFO] Collected Teams activity report
[2026-08-19 13:23:04] [INFO] Generated the Teams disable audit
[2026-08-19 13:23:06] [INFO] Emailed reports to bwinklesky@servit.net
[2026-08-19 13:23:06] [INFO] === Run completed successfully ===
[2026-08-19 13:23:11] [INFO] === Starting Asphalt user access disable audit run ===
[2026-08-19 13:23:12] [INFO] Collected Entra users
[2026-08-19 13:23:12] [INFO] Identified 13 stale-login candidate(s)
[2026-08-19 13:23:13] [INFO] Collected Entra mailbox purpose (scoped to candidates)
[2026-08-19 13:23:13] [INFO] Generated the user access disable audit
[2026-08-19 13:23:15] [INFO] Emailed reports to bwinklesky@servit.net
[2026-08-19 13:23:15] [INFO] === Run completed successfully ===
[2026-08-19 13:23:24] [INFO] === Starting Asphalt HR user audit run ===
[2026-08-19 13:23:25] [INFO] Collected Entra users
[2026-08-19 13:23:27] [INFO] Collected Entra mailbox purpose
[2026-08-19 13:23:27] [INFO] Generated the HR user audit
[2026-08-19 13:23:29] [INFO] Emailed reports to bwinklesky@servit.net
[2026-08-19 13:23:29] [INFO] === Run completed successfully ===
[2026-08-19 13:23:35] [INFO] === Starting Asphalt licensed+disabled user audit run ===
[2026-08-19 13:23:36] [INFO] Collected Entra users
[2026-08-19 13:23:36] [INFO] Collected Entra license catalog/assignments
[2026-08-19 13:23:37] [INFO] Collected Entra mailbox purpose
[2026-08-19 13:23:37] [INFO] Generated the licensed+disabled user audit
[2026-08-19 13:23:41] [INFO] Emailed reports to bwinklesky@servit.net
[2026-08-19 13:23:41] [INFO] === Run completed successfully ===
[2026-08-19 13:23:45] [INFO] === Starting Asphalt temp user audit run ===
[2026-08-19 13:23:46] [INFO] Collected Entra users
[2026-08-19 13:23:47] [INFO] Collected Entra license catalog/assignments
[2026-08-19 13:23:47] [INFO] Generated the temp user audit
[2026-08-19 13:23:52] [INFO] Emailed reports to bwinklesky@servit.net
[2026-08-19 13:23:52] [INFO] === Run completed successfully ===
